
> autopromote-frontend@1.0.0 test
> react-scripts test --watchAll=false

node.exe : FAIL src/__tests__/SchedulesPanel.create.test.js
At line:1 char:1
+ & "C:\Program Files\nodejs/node.exe" "C:\Program 
Files\nodejs/node_mo ...
+ ~~~~~~~~~~~~~~~~~~~~~~~~~~~~~~~~~~~~~~~~~~~~~~~~~~~~~~~~~~~~~~~
~~~~~~
    + CategoryInfo          : NotSpecified: (FAIL src/__test.... 
   create.test.js:String) [], RemoteException
    + FullyQualifiedErrorId : NativeCommandError
 
  ● SchedulesPanel create schedule › Calls onCreate with 
contentId and platforms

    TestingLibraryElementError: Found multiple elements with the 
text: YouTube

    Here are the matching elements:

    Ignored nodes: comments, script, style
    [36m<button[39m
      [33mstyle[39m=[32m"padding: 5px 10px; border-radius: 
4px; border: 1px solid; border-color: #334155; background: 
transparent; color: rgb(100, 116, 139); cursor: pointer; 
font-size: 0.75rem;"[39m
      [33mtype[39m=[32m"button"[39m
    [36m>[39m
      [0mYouTube[0m
    [36m</button>[39m

    Ignored nodes: comments, script, style
    [36m<div[39m
      [33mclass[39m=[32m"swimlane-header"[39m
    [36m>[39m
      [36m<span[39m
        [33mstyle[39m=[32m"width: 10px; height: 10px; 
border-radius: 50%; background: rgb(255, 0, 0);"[39m
      [36m/>[39m
      [0mYouTube[0m
    [36m</div>[39m

    (If this is intentional, then use the `*AllBy*` variant of 
the query (like `queryAllByText`, `getAllByText`, or 
`findAllByText`)).

    Ignored nodes: comments, script, style
    [36m<body>[39m
      [36m<div>[39m
        [36m<div[39m
          [33mclass[39m=[32m"schedules-panel"[39m
        [36m>[39m
          [36m<div[39m
            [33mclass[39m=[32m"orchestrator-header"[39m
          [36m>[39m
            [36m<div>[39m
              [36m<h2[39m
                [33mclass[39m=[32m"orchestrator-title"[39m
              [36m>[39m
                [0mTEMPORAL ORCHESTRATOR[0m
              [36m</h2>[39m
              [36m<div[39m
                [33mstyle[39m=[32m"color: rgb(100, 116, 139); 
font-size: 0.9rem;"[39m
              [36m>[39m
                [0mManage your automated publishing timeline[0m
              [36m</div>[39m
            [36m</div>[39m
            [36m<div[39m
              [33mclass[39m=[32m"time-controls"[39m
            [36m>[39m
              [36m<button[39m
                [33mclass[39m=[32m"control-btn active"[39m
              [36m>[39m
                [0mTIMELINE[0m
              [36m</button>[39m
              [36m<button[39m
                [33mclass[39m=[32m"control-btn "[39m
              [36m>[39m
                [0mDATA LIST[0m
              [36m</button>[39m
              [36m<button[39m
                [33mclass[39m=[32m"control-btn"[39m
                [33mstyle[39m=[32m"border-color: #10b981; 
color: rgb(16, 185, 129);"[39m
              [36m>[39m
                [0mCLOSE INJECTOR[0m
              [36m</button>[39m
            [36m</div>[39m
          [36m</div>[39m
          [36m<div[39m
            [33mclass[39m=[32m"injection-panel"[39m
          [36m>[39m
            [36m<h4[39m
              [33mstyle[39m=[32m"margin-bottom: 15px; color: 
rgb(255, 255, 255);"[39m
            [36m>[39m
              [0mNEW TRANSMISSION[0m
            [36m</h4>[39m
            [36m<form[39m
              [33mclass[39m=[32m"injection-form"[39m
            [36m>[39m
              [36m<div>[39m
                [36m<label[39m
                  [33mstyle[39m=[32m"display: block; 
margin-bottom: 5px; font-size: 0.8rem; color: rgb(148, 163, 
184);"[39m
                [36m>[39m
                  [0mPAYLOAD (CONTENT)[0m
                [36m</label>[39m
                [36m<select[39m
                  [33mclass[39m=[32m"cyber-input"[39m
                [36m>[39m
                  [36m<option[39m
                    [33mvalue[39m=[32m""[39m
                  [36m>[39m
                    [0mSelect Content Node...[0m
                  [36m</option>[39m
                  [36m<option[39m
                    [33mvalue[39m=[32m"c1"[39m
                  [36m>[39m
                    [0mContent 1[0m
                  [36m</option>[39m
                  [36m<option[39m
                    [33mvalue[39m=[32m"c2"[39m
                  [36m>[39m
                    [0mContent 2[0m
                  [36m</option>[39m
                [36m</select>[39m
              [36m</div>[39m
              [36m<div>[39m
                [36m<label[39m
                  [33mstyle[39m=[32m"display: block; 
margin-bottom: 5px; font-size: 0.8rem; color: rgb(148, 163, 
184);"[39m
                [36m>[39m
                  [0mTARGET VECTOR (DATE/TIME)[0m
                [36m</label>[39m
                [36m<div[39m
                  [33mstyle[39m=[32m"display: flex; gap: 
5px;"[39m
                [36m>[39m
                  [36m<input[39m
                    [33mclass[39m=[32m"cyber-input"[39m
                    [33mtype[39m=[32m"date"[39m
                    [33mvalue[39m=[32m"2030-01-01"[39m
                  [36m/>[39m
                  [36m<input[39m
                    [33mclass[39m=[32m"cyber-input"[39m
                    [33mtype[39m=[32m"time"[39m
                    [33mvalue[39m=[32m"12:00"[39m
                  [36m/>[39m
                [36m</div>[39m
              [36m</div>[39m
              [36m<div>[39m
                [36m<label[39m
                  [33mstyle[39m=[32m"display: block; 
margin-bottom: 5px; font-size: 0.8rem; color: rgb(148, 163, 
184);"[39m
                [36m>[39m
                  [0mCHANNELS[0m
                [36m</label>[39m
                [36m<div[39m
                  [33mstyle[39m=[32m"display: flex; gap: 5px; 
flex-wrap: wrap;"[39m
                [36m>[39m
                  [36m<button[39m
                    [33mstyle[39m=[32m"padding: 5px 10px; 
border-radius: 4px; border: 1px solid; border-color: #334155; 
background: transparent; color: rgb(100, 116, 139); cursor: 
pointer; font-size: 0.75rem;"[39m
                    [33mtype[39m=[32m"button"[39m
                  [36m>[39m
                    [0mYouTube[0m
                  [36m</button>[39m
                  [36m<button[39m
                    [33mstyle[39m=[32m"padding: 5px 10px; 
border-radius: 4px; border: 1px solid; border-color: #334155; 
background: transparent; color: rgb(100, 116, 139); cursor: 
pointer; font-size: 0.75rem;"[39m
                    [33mtype[39m=[32m"button"[39m
                  [36m>[39m
                    [0mInstagram[0m
                  [36m</button>[39m
                  [36m<button[39m
                    [33mstyle[39m=[32m"padding: 5px 10px; 
border-radius: 4px; border: 1px solid; border-color: #334155; 
background: transparent; color: rgb(100, 116, 139); cursor: 
pointer; font-size: 0.75rem;"[39m
                    [33mtype[39m=[32m"button"[39m
                  [36m>[39m
                    [0mTikTok[0m
                  [36m</button>[39m
                  [36m<button[39m
                    [33mstyle[39m=[32m"padding: 5px 10px; 
border-radius: 4px; border: 1px solid; border-color: #334155; 
background: transparent; color: rgb(100, 116, 139); cursor: 
pointer; font-size: 0.75rem;"[39m
                    [33mtype[39m=[32m"button"[39m
                  [36m>[39m
                    [0mTwitter/X[0m
                  [36m</button>[39m
                  [36m<button[39m
                    [33mstyle[39m=[32m"padding: 5px 10px; 
border-radius: 4px; border: 1px solid; border-color: #334155; 
background: transparent; color: rgb(100, 116, 139); cursor: 
pointer; font-size: 0.75rem;"[39m
                    [33mtype[39m=[32m"button"[39m
                  [36m>[39m
                    [0mLinkedIn[0m
                  [36m</button>[39m
                  [36m<button[39m
                    [33mstyle[39m=[32m"padding: 5px 10px; 
border-radius: 4px; border: 1px solid; border-color: #334155; 
background: transparent; color: rgb(100, 116, 139); cursor: 
pointer; font-size: 0.75rem;"[39m
                    [33mtype[39m=[32m"button"[39m
                  [36m>[39m
                    [0mFacebook[0m
                  [36m</button>[39m
                [36m</div>[39m
              [36m</div>[39m
              [36m<div[39m
                [33mstyle[39m=[32m"display: flex; 
align-items: flex-end;"[39m
              [36m>[39m
                [36m<button[39m
                  [33mclass[39m=[32m"control-btn"[39m
                  [33mstyle[39m=[32m"width: 100%; background: 
rgb(16, 185, 129); color: black; border-color: #10b981; 
font-weight: bold;"[39m
                  [33mtype[39m=[32m"submit"[39m
                [36m>[39m
                  [0mINITIATE SCHEDULE[0m
                [36m</button>[39m
              [36m</div>[39m
            [36m</form>[39m
          [36m</div>[39m
          [36m<div[39m
            [33mclass[39m=[32m"chronoline-container"[39m
          [36m>[39m
            [36m<div[39m
              [33mclass[39m=[32m"chronoline-header"[39m
            [36m>[39m
              [36m<div[39m
                [33mstyle[39m=[32m"width: 120px; 
border-right: 1px solid rgba(255,255,255,0.08);"[39m
              [36m/>[39m
              [36m<div[39m
                [33mclass[39m=[32m"timeline-column today"[39m
              [36m>[39m
                [36m<div[39m
                  [33mstyle[39m=[32m"font-weight: bold;"[39m
                [36m>[39m
                  [0mWed[0m
                [36m</div>[39m
                [36m<div[39m
                  [33mstyle[39m=[32m"font-size: 0.7rem;"[39m
                [36m>[39m
                  [0mJan 7[0m
                [36m</div>[39m
              [36m</div>[39m
              [36m<div[39m
                [33mclass[39m=[32m"timeline-column "[39m
              [36m>[39m
                [36m<div[39m
                  [33mstyle[39m=[32m"font-weight: bold;"[39m
                [36m>[39m
                  [0mThu[0m
                [36m</div>[39m
                [36m<div[39m
                  [33mstyle[39m=[32m"font-size: 0.7rem;"[39m
                [36m>[39m
                  [0mJan 8[0m
                [36m</div>[39m
              [36m</div>[39m
              [36m<div[39m
                [33mclass[39m=[32m"timeline-column "[39m
              [36m>[39m
                [36m<div[39m
                  [33mstyle[39m=[32m"font-weight: bold;"[39m
                [36m>[39m
                  [0mFri[0m
                [36m</div>[39m
                [36m<div[39m
                  [33mstyle[39m=[32m"font-size: 0.7rem;"[39m
                [36m>[39m
                  [0mJan 9[0m
                [36m</div>[39m
              [36m</div>[39m
              [36m<div[39m
                [33mclass[39m=[32m"timeline-column "[39m
              [36m>[39m
                [36m<div[39m
                  [33mstyle[39m=[32m"font-weight: bold;"[39m
                [36m>[39m
                  [0mSat[0m
                [36m</div>[39m
                [36m<div[39m
                  [33mstyle[39m=[32m"font-size: 0.7rem;"[39m
                [36m>[39m
                  [0mJan 10[0m
                [36m</div>[39m
              [36m</div>[39m
              [36m<div[39m
                [33mclass[39m=[32m"timeline-column "[39m
              [36m>[39m
                [36m<div[39m
                  [33mstyle[39m=[32m"font-weight: bold;"[39m
                [36m>[39m
                  [0mSun[0m
                [36m</div>[39m
                [36m<div[39m
                  [33mstyle[39m=[32m"font-size: 0.7rem;"[39m
                [36m>[39m
                  [0mJan 11[0m
                [36m</div>[39m
              [36m</div>[39m
              [36m<div[39m
                [33mclass[39m=[32m"timeline-column "[39m
              [36m>[39m
                [36m<div[39m
                  [33mstyle[39m=[32m"font-weight: bold;"[39m
                [36m>[39m
                  [0mMon[0m
                [36m</div>[39m
                [36m<div[39m
                  [33mstyle[39m=[32m"font-size: 0.7rem;"[39m
                [36m>[39m
                  [0mJan 12[0m
                [36m</div>[39m
              [36m</div>[39m
              [36m<div[39m
                [33mclass[39m=[32m"timeline-column "[39m
              [36m>[39m
                [36m<div[39m
                  [33mstyle[39m=[32m"font-weight: bold;"[39m
                [36m>[39m
                  [0mTue[0m
                [36m</div>[39m
                [36m<div[39m
                  [33mstyle[39m=[32m"font-size: 0.7rem;"[39m
                [36m>[39m
                  [0mJan 13[0m
                [36m</div>[39m
              [36m</div>[39m
            [36m</div>[39m
            [36m<div[39m
              [33mclass[39m=[32m"chronoline-body"[39m
            [36m>[39m
              [36m<div[39m
                [33mclass[39m=[32m"chronoline-playhead"[39m
                [33mstyle[39m=[32m"left: 14%;"[39m
              [36m>[39m
                [0m [0m
                [36m<div[39m
                  [33mclass[39m=[32m"playhead-label"[39m
                [36m>[39m
                  [0mNOW[0m
                [36m</div>[39m
              [36m</div>[39m
              [36m<div[39m
                [33mclass[39m=[32m"platform-swimlane"[39m
              [36m>[39m
                [36m<div[39m
                  [33mclass[39m=[32m"swimlane-header"[39m
                [36m>[39m
                  [36m<span[39m
                    [33mstyle[39m=[32m"width: 10px; height: 
10px; border-radius: 50%; background: rgb(255, 0, 0);"[39m
                  [36m/>[39m
                  [0mYouTube[0m
                [36m</div>[39m
                [36m<div[39m
                  [33mclass[39m=[32m"swimlane-track"[39m
                [36m/>[39m
              [36m</div>[39m
              [36m<div[39m
                [33mclass[39m=[32m"platform-swimlane"[39m
              [36m>[39m
                [36m<div[39m
                  [33mclass[39m=[32m"swimlane-header"[39m
                [36m>[39m
                  [36m<span[39m
                    [33mstyle[39m=[32m"width: 10px; height: 
10px; border-radius: 50%; background: rgb(225, 48, 108);"[39m
                  [36m/>[39m
                  [0mInstagram[0m
                [36m</div>[39m
                [36m<div[39m
                  [33mclass[39m=[32m"swimlane-track"[39m
                [36m>[39m
                  [36m<div[39m
                    
[33mclass[39m=[32m"ai-suggestion-slot"[39m
                    [33mstyle[39m=[32m"left: 35%; width: 
5%;"[39m
                    [33mtitle[39m=[32m"High Engagement 
Probability"[39m
                  [36m>[39m
                    [0mPRIME[0m
                  [36m</div>[39m
                [36m</div>[39m
              [36m</div>[39m
              [36m<div[39m
                [33mclass[39m=[32m"platform-swimlane"[39m
              [36m>[39m
                [36m<div[39m
                  [33mclass[39m=[32m"swimlane-header"[39m
                [36m>[39m
                  [36m<span[39m
                    [33mstyle[39m=[32m"width: 10px; height: 
10px; border-radius: 50%; background: rgb(0, 242, 234);"[39m
                  [36m/>[39m
                  [0mTikTok[0m
                [36m</div>[39m
                [36m<div[39m
                  [33mclass[39m=[32m"swimlane-track"[39m
                [36m/>[39m
              [36m</div>[39m
              [36m<div[39m
                [33mclass[39m=[32m"platform-swimlane"[39m
              [36m>[39m
                [36m<div[39m
                  [33mclass[39m=[32m"swimlane-header"[39m
                [36m>[39m
                  [36m<span[39m
                    [33mstyle[39m=[32m"width: 10px; height: 
10px; border-radius: 50%; background: rgb(29, 161, 242);"[39m
                  [36m/>[39m
                  [0mTwitter/X[0m
                [36m</div>[39m
                [36m<div[39m
                  [33mclass[39m=[32m"swimlane-track"[39m
                [36m/>[39m
              [36m</div>[39m
              [36m<div[39m
                [33mclass[39m=[32m"platform-swimlane"[39m
              [36m>[39m
                [36m<div[39m
                  [33mclass[39m=[32m"swimlane-header"[39m
                [36m>[39m
                  [36m<span[39m
                    [33mstyle[39m=[32m"width: 10px; height: 
10px; border-radius: 50%; background: rgb(0, 119, 181);"[39m
                  [36m/>[39m
                  [0mLinkedIn[0m
                [36m</div>[39m
                [36m<div[39m
                  [33mclass[39m=[32m"swimlane-track"[39m
                [36m/>[39m
              [36m</div>[39m
              [36m<div[39m
                [33mclass[39m=[32m"platform-swimlane"[39m
              [36m>[39m
                [36m<div[39m
                  [33mclass[39m=[32m"swimlane-header"[39m
                [36m>[39m
                  [36m<span[39m
                    [33mstyle[39m=[32m"width: 10px; height: 
10px; border-radius: 50%; background: rgb(24, 119, 242);"[39m
                  [36m/>[39m
                  [0mFacebook[0m
                [36m</div>[39m
                [36m<div[39m
                  [33mclass[39m=[32m"swimlane-track"[39m
                [36m/>[39m
              [36m</div>[39m
            [36m</div>[39m
          [36m</div>[39m
        [36m</div>[39m
      [36m</div>[39m
    [36m</body>[39m

    [0m [90m 41 |[39m
     [90m 42 |[39m     [90m// 4. Select Platform[39m
    [31m[1m>[22m[39m[90m 43 |[39m     [36mconst[39m 
ytBtn [33m=[39m 
screen[33m.[39mgetByText([32m"YouTube"[39m)[33m;[39m
     [90m    |[39m                          
[31m[1m^[22m[39m
     [90m 44 |[39m     
fireEvent[33m.[39mclick(ytBtn)[33m;[39m
     [90m 45 |[39m
     [90m 46 |[39m     [90m// 5. Submit[39m[0m

      at Object.getElementError 
(node_modules/@testing-library/dom/dist/config.js:37:19)
      at getElementError 
(node_modules/@testing-library/dom/dist/query-helpers.js:20:35)
      at getMultipleElementsFoundError 
(node_modules/@testing-library/dom/dist/query-helpers.js:23:10)
      at 
node_modules/@testing-library/dom/dist/query-helpers.js:55:13
      at getByText 
(node_modules/@testing-library/dom/dist/query-helpers.js:95:19)
      at Object.<anonymous> 
(src/__tests__/SchedulesPanel.create.test.js:43:26)

FAIL src/UserDashboardTabs/__tests__/MemeticComposerPanel.test.js
  ● MemeticComposerPanel › loads sounds, generates a plan and 
seeds it

    expect(jest.fn()).toHaveBeenCalledTimes(expected)

    Expected number of calls: 2
    Received number of calls: 1

    Ignored nodes: comments, script, style
    [36m<html>[39m
      [36m<head />[39m
      [36m<body>[39m
        [36m<div>[39m
          [36m<div[39m
            [33mclass[39m=[32m"memetic-composer"[39m
          [36m>[39m
            [36m<div[39m
              [33mclass[39m=[32m"memetic-header"[39m
            [36m>[39m
              [36m<div>[39m
                [36m<h3>[39m
                  [0m🧪 Memetic Composer (Viral Lab)[0m
                [36m</h3>[39m
                [36m<p[39m
                  [33mclass[39m=[32m"muted"[39m
                [36m>[39m
                  [0mEngineer viral DNA using mutation axes and 
simulate propagation.[0m
                [36m</p>[39m
              [36m</div>[39m
              [36m<div[39m
                [33mclass[39m=[32m"composer-actions"[39m
              [36m>[39m
                [36m<button[39m
                  [33mclass[39m=[32m"btn-secondary"[39m
                [36m>[39m
                  [0mClose[0m
                [36m</button>[39m
              [36m</div>[39m
            [36m</div>[39m
            [36m<div[39m
              [33mclass[39m=[32m"composer-grid"[39m
            [36m>[39m
              [36m<div[39m
                [33mclass[39m=[32m"composer-left"[39m
              [36m>[39m
                [36m<div[39m
                  [33mclass[39m=[32m"lab-section"[39m
                [36m>[39m
                  [36m<h4>[39m
                    [0m🧬 Mutation Lab[0m
                  [36m</h4>[39m
                  [36m<label[39m
                    [33mclass[39m=[32m"control-group"[39m
                  [36m>[39m
                    [36m<span>[39m
                      [0mHook Timing[0m
                    [36m</span>[39m
                    [36m<div[39m
                      [33mclass[39m=[32m"segment-control"[39m
                    [36m>[39m
                      [36m<div[39m
                        [33mclass[39m=[32m"segment 
active"[39m
                      [36m>[39m
                        [0mearly[0m
                      [36m</div>[39m
                      [36m<div[39m
                        [33mclass[39m=[32m"segment "[39m
                      [36m>[39m
                        [0mbalanced[0m
                      [36m</div>[39m
                      [36m<div[39m
                        [33mclass[39m=[32m"segment "[39m
                      [36m>[39m
                        [0mlate[0m
                      [36m</div>[39m
                    [36m</div>[39m
                  [36m</label>[39m
                  [36m<label[39m
                    [33mclass[39m=[32m"control-group"[39m
                  [36m>[39m
                    [36m<span>[39m
                      [0mStart Tempo ([0m
                      [0m1[0m
                      [0mx)[0m
                    [36m</span>[39m
                    [36m<input[39m
                      [33mmax[39m=[32m"1.5"[39m
                      [33mmin[39m=[32m"0.8"[39m
                      [33mstep[39m=[32m"0.1"[39m
                      [33mtype[39m=[32m"range"[39m
                      [33mvalue[39m=[32m"1"[39m
                    [36m/>[39m
                  [36m</label>[39m
                  [36m<label[39m
                    [33mclass[39m=[32m"control-group"[39m
                  [36m>[39m
                    [36m<span>[39m
                      [0mAmbiguity Level ([0m
                      [0m30[0m
                      [0m%)[0m
                    [36m</span>[39m
                    [36m<input[39m
                      [33mmax[39m=[32m"100"[39m
                      [33mmin[39m=[32m"0"[39m
                      [33mtype[39m=[32m"range"[39m
                      [33mvalue[39m=[32m"30"[39m
                    [36m/>[39m
                  [36m</label>[39m
                  [36m<label[39m
                    [33mclass[39m=[32m"control-group"[39m
                  [36m>[39m
                    [36m<span>[39m
                      [0mThumbnail Gene[0m
                    [36m</span>[39m
                    [36m<select>[39m
                      [36m<option[39m
                        [33mvalue[39m=[32m"face_closeup"[39m
                      [36m>[39m
                        [0m😲 React Face (High CT)[0m
                      [36m</option>[39m
                      [36m<option[39m
                        [33mvalue[39m=[32m"text_overlay"[39m
                      [36m>[39m
                        [0m📝 Bold Text (info)[0m
                      [36m</option>[39m
                      [36m<option[39m
                        [33mvalue[39m=[32m"action_frame"[39m
                      [36m>[39m
                        [0m🔥 Action Blur[0m
                      [36m</option>[39m
                    [36m</select>[39m
                  [36m</label>[39m
                [36m</div>[39m
                [36m<div[39m
                  [33mclass[39m=[32m"lab-section"[39m
                [36m>[39m
                  [36m<h4>[39m
                    [0m🔮 Propagation Simulator[0m
                  [36m</h4>[39m
                  [36m<div[39m
                    [33mclass[39m=[32m"simulator-display"[39m
                  [36m>[39m
                    [36m<canvas[39m
                      [33mclass[39m=[32m"sim-canvas"[39m
                      [33mheight[39m=[32m"120"[39m
                      [33mwidth[39m=[32m"320"[39m
                    [36m/>[39m
                  [36m</div>[39m
                  [36m<p[39m
                    [33mclass[39m=[32m"sim-legend"[39m
                  [36m>[39m
                    [0mPredicted 24h Reach based on current 
mutation genes.[0m
                  [36m</p>[39m
                [36m</div>[39m
                [36m<div[39m
                  [33mclass[39m=[32m"composer-buttons"[39m
                [36m>[39m
                  [36m<button[39m
                    [33mclass[39m=[32m"btn-primary"[39m
                    [33mdisabled[39m=[32m""[39m
                  [36m>[39m
                    [0mBreeding Variants...[0m
                  [36m</button>[39m
                [36m</div>[39m
              [36m</div>[39m
              [36m<div[39m
                [33mclass[39m=[32m"composer-right"[39m
              [36m>[39m
                [36m<h4>[39m
                  [0mViable Offspring[0m
                [36m</h4>[39m
                [36m<div[39m
                  [33mclass[39m=[32m"empty"[39m
                [36m>[39m
                  [0mConfigure parameters and click Generate to 
breed variants.[0m
                [36m</div>[39m
              [36m</div>[39m
            [36m</div>[39m
          [36m</div>[39m
        [36m</div>[39m
      [36m</body>[39m
    [36m</html>[39m

    [0m [90m 110 |[39m     
fireEvent[33m.[39mclick(genButton)[33m;[39m
     [90m 111 |[39m
    [31m[1m>[22m[39m[90m 112 |[39m     [36mawait[39m 
waitFor(() [33m=>[39m expect(global[33m.[39mfetch)[33m.[39m
toHaveBeenCalledTimes([35m2[39m))[33m;[39m
     [90m     |[39m                                            
  [31m[1m^[22m[39m
     [90m 113 |[39m
     [90m 114 |[39m     [90m// Variant should show up[39m
     [90m 115 |[39m     expect([36mawait[39m 
screen[33m.[39mfindByText([35m/Variant 
1/[39m))[33m.[39mtoBeInTheDocument()[33m;[39m[0m

      at src/UserDashboardTabs/__tests__/MemeticComposerPanel.tes
t.js:112:46
      at runWithExpensiveErrorDiagnosticsDisabled 
(node_modules/@testing-library/dom/dist/config.js:47:12)
      at checkCallback 
(node_modules/@testing-library/dom/dist/wait-for.js:124:77)
      at checkRealTimersCallback 
(node_modules/@testing-library/dom/dist/wait-for.js:118:16)
      at Timeout.task [as _onTimeout] 
(node_modules/jsdom/lib/jsdom/browser/Window.js:516:19)

PASS src/__tests__/ContentUploadForm.tiktok.test.js (5.67 s)
  ● Console

    console.log
      [E2E] handlePlatformPreview called for platform: tiktok

      at handlePlatformPreview (src/ContentUploadForm.js:845:13)

    console.log
      [E2E] handlePlatformPreview contentData {
        title: 'TikTok Consent Test',
        type: 'video',
        description: '',
        url: 'preview://test.mp4',
        file: { name: 'test.mp4' },
        idempotency_key: undefined,
        target_platforms: [ 'tiktok' ],
        platforms: [ 'tiktok' ],
        isDryRun: true,
        meta: {
          trimStart: 0,
          trimEnd: 0,
          rotate: undefined,
          flipH: undefined,
          flipV: undefined,
          duration: undefined,
          crop: undefined,
          template: undefined
        },
        platform_options: {
          tiktok: {
            privacy: undefined,
            interactions: [Object],
            commercial: undefined,
            consent: true
          }
        }
      }

      at handlePlatformPreview (src/ContentUploadForm.js:850:15)

    console.log
      [Upload] onUpload response: {}

      at handlePlatformUpload (src/ContentUploadForm.js:1134:15)

    console.error
      Error: AggregateError
          at Object.dispatchError (C:\Users\asus\AutoPromte\AutoP
romote\frontend\node_modules\jsdom\lib\jsdom\living\xhr\xhr-utils
.js:63:19)
          at Request.<anonymous> (C:\Users\asus\AutoPromte\AutoPr
omote\frontend\node_modules\jsdom\lib\jsdom\living\xhr\XMLHttpReq
uest-impl.js:655:18)
          at Request.emit (node:events:531:35)
          at ClientRequest.<anonymous> (C:\Users\asus\AutoPromte\
AutoPromote\frontend\node_modules\jsdom\lib\jsdom\living\helpers\
http-request.js:121:14)
          at ClientRequest.emit (node:events:519:28)
          at emitErrorEvent (node:_http_client:105:11)
          at Socket.socketErrorListener (node:_http_client:518:5)
          at Socket.emit (node:events:519:28)
          at emitErrorNT (node:internal/streams/destroy:170:8)
          at emitErrorCloseNT 
(node:internal/streams/destroy:129:3)
          at processTicksAndRejections 
(node:internal/process/task_queues:90:21) undefined

      at VirtualConsole.<anonymous> 
(node_modules/jsdom/lib/jsdom/virtual-console.js:29:45)
      at Object.dispatchError 
(node_modules/jsdom/lib/jsdom/living/xhr/xhr-utils.js:66:53)
      at Request.<anonymous> (node_modules/jsdom/lib/jsdom/living
/xhr/XMLHttpRequest-impl.js:655:18)
      at ClientRequest.<anonymous> (node_modules/jsdom/lib/jsdom/
living/helpers/http-request.js:121:14)

    console.error
      Error: AggregateError
          at Object.dispatchError (C:\Users\asus\AutoPromte\AutoP
romote\frontend\node_modules\jsdom\lib\jsdom\living\xhr\xhr-utils
.js:63:19)
          at Request.<anonymous> (C:\Users\asus\AutoPromte\AutoPr
omote\frontend\node_modules\jsdom\lib\jsdom\living\xhr\XMLHttpReq
uest-impl.js:655:18)
          at Request.emit (node:events:531:35)
          at ClientRequest.<anonymous> (C:\Users\asus\AutoPromte\
AutoPromote\frontend\node_modules\jsdom\lib\jsdom\living\helpers\
http-request.js:121:14)
          at ClientRequest.emit (node:events:519:28)
          at emitErrorEvent (node:_http_client:105:11)
          at Socket.socketErrorListener (node:_http_client:518:5)
          at Socket.emit (node:events:519:28)
          at emitErrorNT (node:internal/streams/destroy:170:8)
          at emitErrorCloseNT 
(node:internal/streams/destroy:129:3)
          at processTicksAndRejections 
(node:internal/process/task_queues:90:21) undefined

      at VirtualConsole.<anonymous> 
(node_modules/jsdom/lib/jsdom/virtual-console.js:29:45)
      at Object.dispatchError 
(node_modules/jsdom/lib/jsdom/living/xhr/xhr-utils.js:66:53)
      at Request.<anonymous> (node_modules/jsdom/lib/jsdom/living
/xhr/XMLHttpRequest-impl.js:655:18)
      at ClientRequest.<anonymous> (node_modules/jsdom/lib/jsdom/
living/helpers/http-request.js:121:14)

    console.log
      [E2E] handlePlatformPreview called for platform: tiktok

      at handlePlatformPreview (src/ContentUploadForm.js:845:13)

    console.log
      [E2E] handlePlatformPreview contentData {
        title: 'Preview Obj',
        type: 'video',
        description: '',
        url: 'preview://test.mp4',
        file: { name: 'test.mp4' },
        idempotency_key: undefined,
        target_platforms: [ 'tiktok' ],
        platforms: [ 'tiktok' ],
        isDryRun: true,
        meta: {
          trimStart: 0,
          trimEnd: 0,
          rotate: undefined,
          flipH: undefined,
          flipV: undefined,
          duration: undefined,
          crop: undefined,
          template: undefined
        },
        platform_options: {
          tiktok: {
            privacy: undefined,
            interactions: [Object],
            commercial: undefined,
            consent: false
          }
        }
      }

      at handlePlatformPreview (src/ContentUploadForm.js:850:15)

    console.warn
      Failed to load TikTok creator_info TypeError: Network 
request failed
          at C:\Users\asus\AutoPromte\AutoPromote\frontend\node_m
odules\whatwg-fetch\dist\fetch.umd.js:567:18
          at Timeout.task [as _onTimeout] (C:\Users\asus\AutoProm
te\AutoPromote\frontend\node_modules\jsdom\lib\jsdom\browser\Wind
ow.js:516:19)
          at listOnTimeout (node:internal/timers:588:17)
          at processTimers (node:internal/timers:523:7)

    [0m [90m 471 |[39m         }
     [90m 472 |[39m       } [36mcatch[39m (err) {
    [31m[1m>[22m[39m[90m 473 |[39m         
console[33m.[39mwarn([32m"Failed to load TikTok 
creator_info"[39m[33m,[39m err)[33m;[39m
     [90m     |[39m                 [31m[1m^[22m[39m
     [90m 474 |[39m         [90m// Network or server error: 
do NOT default privacy to PUBLIC.[39m
     [90m 475 |[39m         [90m// Require the user to 
explicitly choose privacy to comply with TikTok UX rules.[39m
     [90m 476 |[39m         
setTiktokPrivacy([32m""[39m)[33m;[39m[0m

      at load (src/ContentUploadForm.js:473:17)

    console.warn
      Failed to load TikTok creator_info TypeError: Network 
request failed
          at C:\Users\asus\AutoPromte\AutoPromote\frontend\node_m
odules\whatwg-fetch\dist\fetch.umd.js:567:18
          at Timeout.task [as _onTimeout] (C:\Users\asus\AutoProm
te\AutoPromote\frontend\node_modules\jsdom\lib\jsdom\browser\Wind
ow.js:516:19)
          at listOnTimeout (node:internal/timers:588:17)
          at processTimers (node:internal/timers:523:7)

    [0m [90m 471 |[39m         }
     [90m 472 |[39m       } [36mcatch[39m (err) {
    [31m[1m>[22m[39m[90m 473 |[39m         
console[33m.[39mwarn([32m"Failed to load TikTok 
creator_info"[39m[33m,[39m err)[33m;[39m
     [90m     |[39m                 [31m[1m^[22m[39m
     [90m 474 |[39m         [90m// Network or server error: 
do NOT default privacy to PUBLIC.[39m
     [90m 475 |[39m         [90m// Require the user to 
explicitly choose privacy to comply with TikTok UX rules.[39m
     [90m 476 |[39m         
setTiktokPrivacy([32m""[39m)[33m;[39m[0m

      at load (src/ContentUploadForm.js:473:17)

    console.error
      Error: AggregateError
          at Object.dispatchError (C:\Users\asus\AutoPromte\AutoP
romote\frontend\node_modules\jsdom\lib\jsdom\living\xhr\xhr-utils
.js:63:19)
          at Request.<anonymous> (C:\Users\asus\AutoPromte\AutoPr
omote\frontend\node_modules\jsdom\lib\jsdom\living\xhr\XMLHttpReq
uest-impl.js:655:18)
          at Request.emit (node:events:531:35)
          at ClientRequest.<anonymous> (C:\Users\asus\AutoPromte\
AutoPromote\frontend\node_modules\jsdom\lib\jsdom\living\helpers\
http-request.js:121:14)
          at ClientRequest.emit (node:events:519:28)
          at emitErrorEvent (node:_http_client:105:11)
          at Socket.socketErrorListener (node:_http_client:518:5)
          at Socket.emit (node:events:519:28)
          at emitErrorNT (node:internal/streams/destroy:170:8)
          at emitErrorCloseNT 
(node:internal/streams/destroy:129:3)
          at processTicksAndRejections 
(node:internal/process/task_queues:90:21) undefined

      at VirtualConsole.<anonymous> 
(node_modules/jsdom/lib/jsdom/virtual-console.js:29:45)
      at Object.dispatchError 
(node_modules/jsdom/lib/jsdom/living/xhr/xhr-utils.js:66:53)
      at Request.<anonymous> (node_modules/jsdom/lib/jsdom/living
/xhr/XMLHttpRequest-impl.js:655:18)
      at ClientRequest.<anonymous> (node_modules/jsdom/lib/jsdom/
living/helpers/http-request.js:121:14)

    console.warn
      Failed to load TikTok creator_info TypeError: Network 
request failed
          at C:\Users\asus\AutoPromte\AutoPromote\frontend\node_m
odules\whatwg-fetch\dist\fetch.umd.js:567:18
          at Timeout.task [as _onTimeout] (C:\Users\asus\AutoProm
te\AutoPromote\frontend\node_modules\jsdom\lib\jsdom\browser\Wind
ow.js:516:19)
          at listOnTimeout (node:internal/timers:588:17)
          at processTimers (node:internal/timers:523:7)

    [0m [90m 471 |[39m         }
     [90m 472 |[39m       } [36mcatch[39m (err) {
    [31m[1m>[22m[39m[90m 473 |[39m         
console[33m.[39mwarn([32m"Failed to load TikTok 
creator_info"[39m[33m,[39m err)[33m;[39m
     [90m     |[39m                 [31m[1m^[22m[39m
     [90m 474 |[39m         [90m// Network or server error: 
do NOT default privacy to PUBLIC.[39m
     [90m 475 |[39m         [90m// Require the user to 
explicitly choose privacy to comply with TikTok UX rules.[39m
     [90m 476 |[39m         
setTiktokPrivacy([32m""[39m)[33m;[39m[0m

      at load (src/ContentUploadForm.js:473:17)

    console.log
      [E2E] handlePlatformPreview called for platform: tiktok

      at handlePlatformPreview (src/ContentUploadForm.js:845:13)

    console.log
      [E2E] handlePlatformPreview contentData {
        title: 'Hashtag Test',
        type: 'video',
        description: '',
        url: 'preview://test.mp4',
        file: { name: 'test.mp4' },
        idempotency_key: undefined,
        target_platforms: [ 'tiktok' ],
        platforms: [ 'tiktok' ],
        isDryRun: true,
        meta: {
          trimStart: 0,
          trimEnd: 0,
          rotate: undefined,
          flipH: undefined,
          flipV: undefined,
          duration: undefined,
          crop: undefined,
          template: undefined
        },
        platform_options: {
          tiktok: {
            privacy: undefined,
            interactions: [Object],
            commercial: undefined,
            consent: false
          }
        }
      }

      at handlePlatformPreview (src/ContentUploadForm.js:850:15)

    console.error
      Error: AggregateError
          at Object.dispatchError (C:\Users\asus\AutoPromte\AutoP
romote\frontend\node_modules\jsdom\lib\jsdom\living\xhr\xhr-utils
.js:63:19)
          at Request.<anonymous> (C:\Users\asus\AutoPromte\AutoPr
omote\frontend\node_modules\jsdom\lib\jsdom\living\xhr\XMLHttpReq
uest-impl.js:655:18)
          at Request.emit (node:events:531:35)
          at ClientRequest.<anonymous> (C:\Users\asus\AutoPromte\
AutoPromote\frontend\node_modules\jsdom\lib\jsdom\living\helpers\
http-request.js:121:14)
          at ClientRequest.emit (node:events:519:28)
          at emitErrorEvent (node:_http_client:105:11)
          at Socket.socketErrorListener (node:_http_client:518:5)
          at Socket.emit (node:events:519:28)
          at emitErrorNT (node:internal/streams/destroy:170:8)
          at emitErrorCloseNT 
(node:internal/streams/destroy:129:3)
          at processTicksAndRejections 
(node:internal/process/task_queues:90:21) undefined

      at VirtualConsole.<anonymous> 
(node_modules/jsdom/lib/jsdom/virtual-console.js:29:45)
      at Object.dispatchError 
(node_modules/jsdom/lib/jsdom/living/xhr/xhr-utils.js:66:53)
      at Request.<anonymous> (node_modules/jsdom/lib/jsdom/living
/xhr/XMLHttpRequest-impl.js:655:18)
      at ClientRequest.<anonymous> (node_modules/jsdom/lib/jsdom/
living/helpers/http-request.js:121:14)

    console.warn
      Failed to load TikTok creator_info TypeError: Network 
request failed
          at C:\Users\asus\AutoPromte\AutoPromote\frontend\node_m
odules\whatwg-fetch\dist\fetch.umd.js:567:18
          at Timeout.task [as _onTimeout] (C:\Users\asus\AutoProm
te\AutoPromote\frontend\node_modules\jsdom\lib\jsdom\browser\Wind
ow.js:516:19)
          at listOnTimeout (node:internal/timers:588:17)
          at processTimers (node:internal/timers:523:7)

    [0m [90m 471 |[39m         }
     [90m 472 |[39m       } [36mcatch[39m (err) {
    [31m[1m>[22m[39m[90m 473 |[39m         
console[33m.[39mwarn([32m"Failed to load TikTok 
creator_info"[39m[33m,[39m err)[33m;[39m
     [90m     |[39m                 [31m[1m^[22m[39m
     [90m 474 |[39m         [90m// Network or server error: 
do NOT default privacy to PUBLIC.[39m
     [90m 475 |[39m         [90m// Require the user to 
explicitly choose privacy to comply with TikTok UX rules.[39m
     [90m 476 |[39m         
setTiktokPrivacy([32m""[39m)[33m;[39m[0m

      at load (src/ContentUploadForm.js:473:17)

    console.error
      Error: AggregateError
          at Object.dispatchError (C:\Users\asus\AutoPromte\AutoP
romote\frontend\node_modules\jsdom\lib\jsdom\living\xhr\xhr-utils
.js:63:19)
          at Request.<anonymous> (C:\Users\asus\AutoPromte\AutoPr
omote\frontend\node_modules\jsdom\lib\jsdom\living\xhr\XMLHttpReq
uest-impl.js:655:18)
          at Request.emit (node:events:531:35)
          at ClientRequest.<anonymous> (C:\Users\asus\AutoPromte\
AutoPromote\frontend\node_modules\jsdom\lib\jsdom\living\helpers\
http-request.js:121:14)
          at ClientRequest.emit (node:events:519:28)
          at emitErrorEvent (node:_http_client:105:11)
          at Socket.socketErrorListener (node:_http_client:518:5)
          at Socket.emit (node:events:519:28)
          at emitErrorNT (node:internal/streams/destroy:170:8)
          at emitErrorCloseNT 
(node:internal/streams/destroy:129:3)
          at processTicksAndRejections 
(node:internal/process/task_queues:90:21) undefined

      at VirtualConsole.<anonymous> 
(node_modules/jsdom/lib/jsdom/virtual-console.js:29:45)
      at Object.dispatchError 
(node_modules/jsdom/lib/jsdom/living/xhr/xhr-utils.js:66:53)
      at Request.<anonymous> (node_modules/jsdom/lib/jsdom/living
/xhr/XMLHttpRequest-impl.js:655:18)
      at ClientRequest.<anonymous> (node_modules/jsdom/lib/jsdom/
living/helpers/http-request.js:121:14)

    console.error
      Error: AggregateError
          at Object.dispatchError (C:\Users\asus\AutoPromte\AutoP
romote\frontend\node_modules\jsdom\lib\jsdom\living\xhr\xhr-utils
.js:63:19)
          at Request.<anonymous> (C:\Users\asus\AutoPromte\AutoPr
omote\frontend\node_modules\jsdom\lib\jsdom\living\xhr\XMLHttpReq
uest-impl.js:655:18)
          at Request.emit (node:events:531:35)
          at ClientRequest.<anonymous> (C:\Users\asus\AutoPromte\
AutoPromote\frontend\node_modules\jsdom\lib\jsdom\living\helpers\
http-request.js:121:14)
          at ClientRequest.emit (node:events:519:28)
          at emitErrorEvent (node:_http_client:105:11)
          at Socket.socketErrorListener (node:_http_client:518:5)
          at Socket.emit (node:events:519:28)
          at emitErrorNT (node:internal/streams/destroy:170:8)
          at emitErrorCloseNT 
(node:internal/streams/destroy:129:3)
          at processTicksAndRejections 
(node:internal/process/task_queues:90:21) undefined

      at VirtualConsole.<anonymous> 
(node_modules/jsdom/lib/jsdom/virtual-console.js:29:45)
      at Object.dispatchError 
(node_modules/jsdom/lib/jsdom/living/xhr/xhr-utils.js:66:53)
      at Request.<anonymous> (node_modules/jsdom/lib/jsdom/living
/xhr/XMLHttpRequest-impl.js:655:18)
      at ClientRequest.<anonymous> (node_modules/jsdom/lib/jsdom/
living/helpers/http-request.js:121:14)

    console.error
      Error: AggregateError
          at Object.dispatchError (C:\Users\asus\AutoPromte\AutoP
romote\frontend\node_modules\jsdom\lib\jsdom\living\xhr\xhr-utils
.js:63:19)
          at Request.<anonymous> (C:\Users\asus\AutoPromte\AutoPr
omote\frontend\node_modules\jsdom\lib\jsdom\living\xhr\XMLHttpReq
uest-impl.js:655:18)
          at Request.emit (node:events:531:35)
          at ClientRequest.<anonymous> (C:\Users\asus\AutoPromte\
AutoPromote\frontend\node_modules\jsdom\lib\jsdom\living\helpers\
http-request.js:121:14)
          at ClientRequest.emit (node:events:519:28)
          at emitErrorEvent (node:_http_client:105:11)
          at Socket.socketErrorListener (node:_http_client:518:5)
          at Socket.emit (node:events:519:28)
          at emitErrorNT (node:internal/streams/destroy:170:8)
          at emitErrorCloseNT 
(node:internal/streams/destroy:129:3)
          at processTicksAndRejections 
(node:internal/process/task_queues:90:21) undefined

      at VirtualConsole.<anonymous> 
(node_modules/jsdom/lib/jsdom/virtual-console.js:29:45)
      at Object.dispatchError 
(node_modules/jsdom/lib/jsdom/living/xhr/xhr-utils.js:66:53)
      at Request.<anonymous> (node_modules/jsdom/lib/jsdom/living
/xhr/XMLHttpRequest-impl.js:655:18)
      at ClientRequest.<anonymous> (node_modules/jsdom/lib/jsdom/
living/helpers/http-request.js:121:14)

    console.warn
      Failed to load TikTok creator_info TypeError: Network 
request failed
          at C:\Users\asus\AutoPromte\AutoPromote\frontend\node_m
odules\whatwg-fetch\dist\fetch.umd.js:567:18
          at Timeout.task [as _onTimeout] (C:\Users\asus\AutoProm
te\AutoPromote\frontend\node_modules\jsdom\lib\jsdom\browser\Wind
ow.js:516:19)
          at listOnTimeout (node:internal/timers:588:17)
          at processTimers (node:internal/timers:523:7)

    [0m [90m 471 |[39m         }
     [90m 472 |[39m       } [36mcatch[39m (err) {
    [31m[1m>[22m[39m[90m 473 |[39m         
console[33m.[39mwarn([32m"Failed to load TikTok 
creator_info"[39m[33m,[39m err)[33m;[39m
     [90m     |[39m                 [31m[1m^[22m[39m
     [90m 474 |[39m         [90m// Network or server error: 
do NOT default privacy to PUBLIC.[39m
     [90m 475 |[39m         [90m// Require the user to 
explicitly choose privacy to comply with TikTok UX rules.[39m
     [90m 476 |[39m         
setTiktokPrivacy([32m""[39m)[33m;[39m[0m

      at load (src/ContentUploadForm.js:473:17)

    console.warn
      Failed to load TikTok creator_info TypeError: Network 
request failed
          at C:\Users\asus\AutoPromte\AutoPromote\frontend\node_m
odules\whatwg-fetch\dist\fetch.umd.js:567:18
          at Timeout.task [as _onTimeout] (C:\Users\asus\AutoProm
te\AutoPromote\frontend\node_modules\jsdom\lib\jsdom\browser\Wind
ow.js:516:19)
          at listOnTimeout (node:internal/timers:588:17)
          at processTimers (node:internal/timers:523:7)

    [0m [90m 471 |[39m         }
     [90m 472 |[39m       } [36mcatch[39m (err) {
    [31m[1m>[22m[39m[90m 473 |[39m         
console[33m.[39mwarn([32m"Failed to load TikTok 
creator_info"[39m[33m,[39m err)[33m;[39m
     [90m     |[39m                 [31m[1m^[22m[39m
     [90m 474 |[39m         [90m// Network or server error: 
do NOT default privacy to PUBLIC.[39m
     [90m 475 |[39m         [90m// Require the user to 
explicitly choose privacy to comply with TikTok UX rules.[39m
     [90m 476 |[39m         
setTiktokPrivacy([32m""[39m)[33m;[39m[0m

      at load (src/ContentUploadForm.js:473:17)

    console.warn
      Failed to load TikTok creator_info TypeError: Network 
request failed
          at C:\Users\asus\AutoPromte\AutoPromote\frontend\node_m
odules\whatwg-fetch\dist\fetch.umd.js:567:18
          at Timeout.task [as _onTimeout] (C:\Users\asus\AutoProm
te\AutoPromote\frontend\node_modules\jsdom\lib\jsdom\browser\Wind
ow.js:516:19)
          at listOnTimeout (node:internal/timers:588:17)
          at processTimers (node:internal/timers:523:7)

    [0m [90m 471 |[39m         }
     [90m 472 |[39m       } [36mcatch[39m (err) {
    [31m[1m>[22m[39m[90m 473 |[39m         
console[33m.[39mwarn([32m"Failed to load TikTok 
creator_info"[39m[33m,[39m err)[33m;[39m
     [90m     |[39m                 [31m[1m^[22m[39m
     [90m 474 |[39m         [90m// Network or server error: 
do NOT default privacy to PUBLIC.[39m
     [90m 475 |[39m         [90m// Require the user to 
explicitly choose privacy to comply with TikTok UX rules.[39m
     [90m 476 |[39m         
setTiktokPrivacy([32m""[39m)[33m;[39m[0m

      at load (src/ContentUploadForm.js:473:17)

    console.error
      Error: AggregateError
          at Object.dispatchError (C:\Users\asus\AutoPromte\AutoP
romote\frontend\node_modules\jsdom\lib\jsdom\living\xhr\xhr-utils
.js:63:19)
          at Request.<anonymous> (C:\Users\asus\AutoPromte\AutoPr
omote\frontend\node_modules\jsdom\lib\jsdom\living\xhr\XMLHttpReq
uest-impl.js:655:18)
          at Request.emit (node:events:531:35)
          at ClientRequest.<anonymous> (C:\Users\asus\AutoPromte\
AutoPromote\frontend\node_modules\jsdom\lib\jsdom\living\helpers\
http-request.js:121:14)
          at ClientRequest.emit (node:events:519:28)
          at emitErrorEvent (node:_http_client:105:11)
          at Socket.socketErrorListener (node:_http_client:518:5)
          at Socket.emit (node:events:519:28)
          at emitErrorNT (node:internal/streams/destroy:170:8)
          at emitErrorCloseNT 
(node:internal/streams/destroy:129:3)
          at processTicksAndRejections 
(node:internal/process/task_queues:90:21) undefined

      at VirtualConsole.<anonymous> 
(node_modules/jsdom/lib/jsdom/virtual-console.js:29:45)
      at Object.dispatchError 
(node_modules/jsdom/lib/jsdom/living/xhr/xhr-utils.js:66:53)
      at Request.<anonymous> (node_modules/jsdom/lib/jsdom/living
/xhr/XMLHttpRequest-impl.js:655:18)
      at ClientRequest.<anonymous> (node_modules/jsdom/lib/jsdom/
living/helpers/http-request.js:121:14)

    console.error
      Error: AggregateError
          at Object.dispatchError (C:\Users\asus\AutoPromte\AutoP
romote\frontend\node_modules\jsdom\lib\jsdom\living\xhr\xhr-utils
.js:63:19)
          at Request.<anonymous> (C:\Users\asus\AutoPromte\AutoPr
omote\frontend\node_modules\jsdom\lib\jsdom\living\xhr\XMLHttpReq
uest-impl.js:655:18)
          at Request.emit (node:events:531:35)
          at ClientRequest.<anonymous> (C:\Users\asus\AutoPromte\
AutoPromote\frontend\node_modules\jsdom\lib\jsdom\living\helpers\
http-request.js:121:14)
          at ClientRequest.emit (node:events:519:28)
          at emitErrorEvent (node:_http_client:105:11)
          at Socket.socketErrorListener (node:_http_client:518:5)
          at Socket.emit (node:events:519:28)
          at emitErrorNT (node:internal/streams/destroy:170:8)
          at emitErrorCloseNT 
(node:internal/streams/destroy:129:3)
          at processTicksAndRejections 
(node:internal/process/task_queues:90:21) undefined

      at VirtualConsole.<anonymous> 
(node_modules/jsdom/lib/jsdom/virtual-console.js:29:45)
      at Object.dispatchError 
(node_modules/jsdom/lib/jsdom/living/xhr/xhr-utils.js:66:53)
      at Request.<anonymous> (node_modules/jsdom/lib/jsdom/living
/xhr/XMLHttpRequest-impl.js:655:18)
      at ClientRequest.<anonymous> (node_modules/jsdom/lib/jsdom/
living/helpers/http-request.js:121:14)

    console.error
      Error: AggregateError
          at Object.dispatchError (C:\Users\asus\AutoPromte\AutoP
romote\frontend\node_modules\jsdom\lib\jsdom\living\xhr\xhr-utils
.js:63:19)
          at Request.<anonymous> (C:\Users\asus\AutoPromte\AutoPr
omote\frontend\node_modules\jsdom\lib\jsdom\living\xhr\XMLHttpReq
uest-impl.js:655:18)
          at Request.emit (node:events:531:35)
          at ClientRequest.<anonymous> (C:\Users\asus\AutoPromte\
AutoPromote\frontend\node_modules\jsdom\lib\jsdom\living\helpers\
http-request.js:121:14)
          at ClientRequest.emit (node:events:519:28)
          at emitErrorEvent (node:_http_client:105:11)
          at Socket.socketErrorListener (node:_http_client:518:5)
          at Socket.emit (node:events:519:28)
          at emitErrorNT (node:internal/streams/destroy:170:8)
          at emitErrorCloseNT 
(node:internal/streams/destroy:129:3)
          at processTicksAndRejections 
(node:internal/process/task_queues:90:21) undefined

      at VirtualConsole.<anonymous> 
(node_modules/jsdom/lib/jsdom/virtual-console.js:29:45)
      at Object.dispatchError 
(node_modules/jsdom/lib/jsdom/living/xhr/xhr-utils.js:66:53)
      at Request.<anonymous> (node_modules/jsdom/lib/jsdom/living
/xhr/XMLHttpRequest-impl.js:655:18)
      at ClientRequest.<anonymous> (node_modules/jsdom/lib/jsdom/
living/helpers/http-request.js:121:14)

    console.warn
      Failed to load TikTok creator_info TypeError: Network 
request failed
          at C:\Users\asus\AutoPromte\AutoPromote\frontend\node_m
odules\whatwg-fetch\dist\fetch.umd.js:567:18
          at Timeout.task [as _onTimeout] (C:\Users\asus\AutoProm
te\AutoPromote\frontend\node_modules\jsdom\lib\jsdom\browser\Wind
ow.js:516:19)
          at listOnTimeout (node:internal/timers:588:17)
          at processTimers (node:internal/timers:523:7)

    [0m [90m 471 |[39m         }
     [90m 472 |[39m       } [36mcatch[39m (err) {
    [31m[1m>[22m[39m[90m 473 |[39m         
console[33m.[39mwarn([32m"Failed to load TikTok 
creator_info"[39m[33m,[39m err)[33m;[39m
     [90m     |[39m                 [31m[1m^[22m[39m
     [90m 474 |[39m         [90m// Network or server error: 
do NOT default privacy to PUBLIC.[39m
     [90m 475 |[39m         [90m// Require the user to 
explicitly choose privacy to comply with TikTok UX rules.[39m
     [90m 476 |[39m         
setTiktokPrivacy([32m""[39m)[33m;[39m[0m

      at load (src/ContentUploadForm.js:473:17)

    console.warn
      Failed to load TikTok creator_info TypeError: Network 
request failed
          at C:\Users\asus\AutoPromte\AutoPromote\frontend\node_m
odules\whatwg-fetch\dist\fetch.umd.js:567:18
          at Timeout.task [as _onTimeout] (C:\Users\asus\AutoProm
te\AutoPromote\frontend\node_modules\jsdom\lib\jsdom\browser\Wind
ow.js:516:19)
          at listOnTimeout (node:internal/timers:588:17)
          at processTimers (node:internal/timers:523:7)

    [0m [90m 471 |[39m         }
     [90m 472 |[39m       } [36mcatch[39m (err) {
    [31m[1m>[22m[39m[90m 473 |[39m         
console[33m.[39mwarn([32m"Failed to load TikTok 
creator_info"[39m[33m,[39m err)[33m;[39m
     [90m     |[39m                 [31m[1m^[22m[39m
     [90m 474 |[39m         [90m// Network or server error: 
do NOT default privacy to PUBLIC.[39m
     [90m 475 |[39m         [90m// Require the user to 
explicitly choose privacy to comply with TikTok UX rules.[39m
     [90m 476 |[39m         
setTiktokPrivacy([32m""[39m)[33m;[39m[0m

      at load (src/ContentUploadForm.js:473:17)

    console.warn
      Failed to load TikTok creator_info TypeError: Network 
request failed
          at C:\Users\asus\AutoPromte\AutoPromote\frontend\node_m
odules\whatwg-fetch\dist\fetch.umd.js:567:18
          at Timeout.task [as _onTimeout] (C:\Users\asus\AutoProm
te\AutoPromote\frontend\node_modules\jsdom\lib\jsdom\browser\Wind
ow.js:516:19)
          at listOnTimeout (node:internal/timers:588:17)
          at processTimers (node:internal/timers:523:7)

    [0m [90m 471 |[39m         }
     [90m 472 |[39m       } [36mcatch[39m (err) {
    [31m[1m>[22m[39m[90m 473 |[39m         
console[33m.[39mwarn([32m"Failed to load TikTok 
creator_info"[39m[33m,[39m err)[33m;[39m
     [90m     |[39m                 [31m[1m^[22m[39m
     [90m 474 |[39m         [90m// Network or server error: 
do NOT default privacy to PUBLIC.[39m
     [90m 475 |[39m         [90m// Require the user to 
explicitly choose privacy to comply with TikTok UX rules.[39m
     [90m 476 |[39m         
setTiktokPrivacy([32m""[39m)[33m;[39m[0m

      at load (src/ContentUploadForm.js:473:17)

    console.log
      [E2E] handlePlatformPreview called for platform: tiktok

      at handlePlatformPreview (src/ContentUploadForm.js:845:13)

    console.log
      [E2E] handlePlatformPreview contentData {
        title: 'Initial Title',
        type: 'video',
        description: '',
        url: 'preview://test.mp4',
        file: { name: 'test.mp4' },
        idempotency_key: undefined,
        target_platforms: [ 'tiktok' ],
        platforms: [ 'tiktok' ],
        isDryRun: true,
        meta: {
          trimStart: 0,
          trimEnd: 0,
          rotate: undefined,
          flipH: undefined,
          flipV: undefined,
          duration: undefined,
          crop: undefined,
          template: undefined
        },
        platform_options: {
          tiktok: {
            privacy: undefined,
            interactions: [Object],
            commercial: undefined,
            consent: false
          }
        }
      }

      at handlePlatformPreview (src/ContentUploadForm.js:850:15)

    console.error
      Error: AggregateError
          at Object.dispatchError (C:\Users\asus\AutoPromte\AutoP
romote\frontend\node_modules\jsdom\lib\jsdom\living\xhr\xhr-utils
.js:63:19)
          at Request.<anonymous> (C:\Users\asus\AutoPromte\AutoPr
omote\frontend\node_modules\jsdom\lib\jsdom\living\xhr\XMLHttpReq
uest-impl.js:655:18)
          at Request.emit (node:events:531:35)
          at ClientRequest.<anonymous> (C:\Users\asus\AutoPromte\
AutoPromote\frontend\node_modules\jsdom\lib\jsdom\living\helpers\
http-request.js:121:14)
          at ClientRequest.emit (node:events:519:28)
          at emitErrorEvent (node:_http_client:105:11)
          at Socket.socketErrorListener (node:_http_client:518:5)
          at Socket.emit (node:events:519:28)
          at emitErrorNT (node:internal/streams/destroy:170:8)
          at emitErrorCloseNT 
(node:internal/streams/destroy:129:3)
          at processTicksAndRejections 
(node:internal/process/task_queues:90:21) undefined

      at VirtualConsole.<anonymous> 
(node_modules/jsdom/lib/jsdom/virtual-console.js:29:45)
      at Object.dispatchError 
(node_modules/jsdom/lib/jsdom/living/xhr/xhr-utils.js:66:53)
      at Request.<anonymous> (node_modules/jsdom/lib/jsdom/living
/xhr/XMLHttpRequest-impl.js:655:18)
      at ClientRequest.<anonymous> (node_modules/jsdom/lib/jsdom/
living/helpers/http-request.js:121:14)

    console.error
      Error: AggregateError
          at Object.dispatchError (C:\Users\asus\AutoPromte\AutoP
romote\frontend\node_modules\jsdom\lib\jsdom\living\xhr\xhr-utils
.js:63:19)
          at Request.<anonymous> (C:\Users\asus\AutoPromte\AutoPr
omote\frontend\node_modules\jsdom\lib\jsdom\living\xhr\XMLHttpReq
uest-impl.js:655:18)
          at Request.emit (node:events:531:35)
          at ClientRequest.<anonymous> (C:\Users\asus\AutoPromte\
AutoPromote\frontend\node_modules\jsdom\lib\jsdom\living\helpers\
http-request.js:121:14)
          at ClientRequest.emit (node:events:519:28)
          at emitErrorEvent (node:_http_client:105:11)
          at Socket.socketErrorListener (node:_http_client:518:5)
          at Socket.emit (node:events:519:28)
          at emitErrorNT (node:internal/streams/destroy:170:8)
          at emitErrorCloseNT 
(node:internal/streams/destroy:129:3)
          at processTicksAndRejections 
(node:internal/process/task_queues:90:21) undefined

      at VirtualConsole.<anonymous> 
(node_modules/jsdom/lib/jsdom/virtual-console.js:29:45)
      at Object.dispatchError 
(node_modules/jsdom/lib/jsdom/living/xhr/xhr-utils.js:66:53)
      at Request.<anonymous> (node_modules/jsdom/lib/jsdom/living
/xhr/XMLHttpRequest-impl.js:655:18)
      at ClientRequest.<anonymous> (node_modules/jsdom/lib/jsdom/
living/helpers/http-request.js:121:14)

    console.error
      Error: AggregateError
          at Object.dispatchError (C:\Users\asus\AutoPromte\AutoP
romote\frontend\node_modules\jsdom\lib\jsdom\living\xhr\xhr-utils
.js:63:19)
          at Request.<anonymous> (C:\Users\asus\AutoPromte\AutoPr
omote\frontend\node_modules\jsdom\lib\jsdom\living\xhr\XMLHttpReq
uest-impl.js:655:18)
          at Request.emit (node:events:531:35)
          at ClientRequest.<anonymous> (C:\Users\asus\AutoPromte\
AutoPromote\frontend\node_modules\jsdom\lib\jsdom\living\helpers\
http-request.js:121:14)
          at ClientRequest.emit (node:events:519:28)
          at emitErrorEvent (node:_http_client:105:11)
          at Socket.socketErrorListener (node:_http_client:518:5)
          at Socket.emit (node:events:519:28)
          at emitErrorNT (node:internal/streams/destroy:170:8)
          at emitErrorCloseNT 
(node:internal/streams/destroy:129:3)
          at processTicksAndRejections 
(node:internal/process/task_queues:90:21) undefined

      at VirtualConsole.<anonymous> 
(node_modules/jsdom/lib/jsdom/virtual-console.js:29:45)
      at Object.dispatchError 
(node_modules/jsdom/lib/jsdom/living/xhr/xhr-utils.js:66:53)
      at Request.<anonymous> (node_modules/jsdom/lib/jsdom/living
/xhr/XMLHttpRequest-impl.js:655:18)
      at ClientRequest.<anonymous> (node_modules/jsdom/lib/jsdom/
living/helpers/http-request.js:121:14)

    console.warn
      Failed to load TikTok creator_info TypeError: Network 
request failed
          at C:\Users\asus\AutoPromte\AutoPromote\frontend\node_m
odules\whatwg-fetch\dist\fetch.umd.js:567:18
          at Timeout.task [as _onTimeout] (C:\Users\asus\AutoProm
te\AutoPromote\frontend\node_modules\jsdom\lib\jsdom\browser\Wind
ow.js:516:19)
          at listOnTimeout (node:internal/timers:588:17)
          at processTimers (node:internal/timers:523:7)

    [0m [90m 471 |[39m         }
     [90m 472 |[39m       } [36mcatch[39m (err) {
    [31m[1m>[22m[39m[90m 473 |[39m         
console[33m.[39mwarn([32m"Failed to load TikTok 
creator_info"[39m[33m,[39m err)[33m;[39m
     [90m     |[39m                 [31m[1m^[22m[39m
     [90m 474 |[39m         [90m// Network or server error: 
do NOT default privacy to PUBLIC.[39m
     [90m 475 |[39m         [90m// Require the user to 
explicitly choose privacy to comply with TikTok UX rules.[39m
     [90m 476 |[39m         
setTiktokPrivacy([32m""[39m)[33m;[39m[0m

      at load (src/ContentUploadForm.js:473:17)

    console.warn
      Failed to load TikTok creator_info TypeError: Network 
request failed
          at C:\Users\asus\AutoPromte\AutoPromote\frontend\node_m
odules\whatwg-fetch\dist\fetch.umd.js:567:18
          at Timeout.task [as _onTimeout] (C:\Users\asus\AutoProm
te\AutoPromote\frontend\node_modules\jsdom\lib\jsdom\browser\Wind
ow.js:516:19)
          at listOnTimeout (node:internal/timers:588:17)
          at processTimers (node:internal/timers:523:7)

    [0m [90m 471 |[39m         }
     [90m 472 |[39m       } [36mcatch[39m (err) {
    [31m[1m>[22m[39m[90m 473 |[39m         
console[33m.[39mwarn([32m"Failed to load TikTok 
creator_info"[39m[33m,[39m err)[33m;[39m
     [90m     |[39m                 [31m[1m^[22m[39m
     [90m 474 |[39m         [90m// Network or server error: 
do NOT default privacy to PUBLIC.[39m
     [90m 475 |[39m         [90m// Require the user to 
explicitly choose privacy to comply with TikTok UX rules.[39m
     [90m 476 |[39m         
setTiktokPrivacy([32m""[39m)[33m;[39m[0m

      at load (src/ContentUploadForm.js:473:17)

    console.warn
      Failed to load TikTok creator_info TypeError: Network 
request failed
          at C:\Users\asus\AutoPromte\AutoPromote\frontend\node_m
odules\whatwg-fetch\dist\fetch.umd.js:567:18
          at Timeout.task [as _onTimeout] (C:\Users\asus\AutoProm
te\AutoPromote\frontend\node_modules\jsdom\lib\jsdom\browser\Wind
ow.js:516:19)
          at listOnTimeout (node:internal/timers:588:17)
          at processTimers (node:internal/timers:523:7)

    [0m [90m 471 |[39m         }
     [90m 472 |[39m       } [36mcatch[39m (err) {
    [31m[1m>[22m[39m[90m 473 |[39m         
console[33m.[39mwarn([32m"Failed to load TikTok 
creator_info"[39m[33m,[39m err)[33m;[39m
     [90m     |[39m                 [31m[1m^[22m[39m
     [90m 474 |[39m         [90m// Network or server error: 
do NOT default privacy to PUBLIC.[39m
     [90m 475 |[39m         [90m// Require the user to 
explicitly choose privacy to comply with TikTok UX rules.[39m
     [90m 476 |[39m         
setTiktokPrivacy([32m""[39m)[33m;[39m[0m

      at load (src/ContentUploadForm.js:473:17)

    console.log
      [Upload] onUpload response: {}

      at handlePlatformUpload (src/ContentUploadForm.js:1134:15)

    console.log
      [E2E] handlePlatformPreview called for platform: tiktok

      at handlePlatformPreview (src/ContentUploadForm.js:845:13)

    console.log
      [E2E] handlePlatformPreview contentData {
        title: 'Platform Title',
        type: 'video',
        description: '',
        url: 'preview://platform.mp4',
        file: { name: 'platform.mp4' },
        idempotency_key: undefined,
        target_platforms: [ 'tiktok' ],
        platforms: [ 'tiktok' ],
        isDryRun: true,
        meta: {
          trimStart: 0,
          trimEnd: 0,
          rotate: undefined,
          flipH: undefined,
          flipV: undefined,
          duration: undefined,
          crop: undefined,
          template: undefined
        },
        platform_options: {
          tiktok: {
            privacy: undefined,
            interactions: [Object],
            commercial: undefined,
            consent: false
          }
        }
      }

      at handlePlatformPreview (src/ContentUploadForm.js:850:15)

    console.error
      Error: AggregateError
          at Object.dispatchError (C:\Users\asus\AutoPromte\AutoP
romote\frontend\node_modules\jsdom\lib\jsdom\living\xhr\xhr-utils
.js:63:19)
          at Request.<anonymous> (C:\Users\asus\AutoPromte\AutoPr
omote\frontend\node_modules\jsdom\lib\jsdom\living\xhr\XMLHttpReq
uest-impl.js:655:18)
          at Request.emit (node:events:531:35)
          at ClientRequest.<anonymous> (C:\Users\asus\AutoPromte\
AutoPromote\frontend\node_modules\jsdom\lib\jsdom\living\helpers\
http-request.js:121:14)
          at ClientRequest.emit (node:events:519:28)
          at emitErrorEvent (node:_http_client:105:11)
          at Socket.socketErrorListener (node:_http_client:518:5)
          at Socket.emit (node:events:519:28)
          at emitErrorNT (node:internal/streams/destroy:170:8)
          at emitErrorCloseNT 
(node:internal/streams/destroy:129:3)
          at processTicksAndRejections 
(node:internal/process/task_queues:90:21) undefined

      at VirtualConsole.<anonymous> 
(node_modules/jsdom/lib/jsdom/virtual-console.js:29:45)
      at Object.dispatchError 
(node_modules/jsdom/lib/jsdom/living/xhr/xhr-utils.js:66:53)
      at Request.<anonymous> (node_modules/jsdom/lib/jsdom/living
/xhr/XMLHttpRequest-impl.js:655:18)
      at ClientRequest.<anonymous> (node_modules/jsdom/lib/jsdom/
living/helpers/http-request.js:121:14)

    console.warn
      Failed to load TikTok creator_info TypeError: Network 
request failed
          at C:\Users\asus\AutoPromte\AutoPromote\frontend\node_m
odules\whatwg-fetch\dist\fetch.umd.js:567:18
          at Timeout.task [as _onTimeout] (C:\Users\asus\AutoProm
te\AutoPromote\frontend\node_modules\jsdom\lib\jsdom\browser\Wind
ow.js:516:19)
          at listOnTimeout (node:internal/timers:588:17)
          at processTimers (node:internal/timers:523:7)

    [0m [90m 471 |[39m         }
     [90m 472 |[39m       } [36mcatch[39m (err) {
    [31m[1m>[22m[39m[90m 473 |[39m         
console[33m.[39mwarn([32m"Failed to load TikTok 
creator_info"[39m[33m,[39m err)[33m;[39m
     [90m     |[39m                 [31m[1m^[22m[39m
     [90m 474 |[39m         [90m// Network or server error: 
do NOT default privacy to PUBLIC.[39m
     [90m 475 |[39m         [90m// Require the user to 
explicitly choose privacy to comply with TikTok UX rules.[39m
     [90m 476 |[39m         
setTiktokPrivacy([32m""[39m)[33m;[39m[0m

      at load (src/ContentUploadForm.js:473:17)

    console.error
      Error: AggregateError
          at Object.dispatchError (C:\Users\asus\AutoPromte\AutoP
romote\frontend\node_modules\jsdom\lib\jsdom\living\xhr\xhr-utils
.js:63:19)
          at Request.<anonymous> (C:\Users\asus\AutoPromte\AutoPr
omote\frontend\node_modules\jsdom\lib\jsdom\living\xhr\XMLHttpReq
uest-impl.js:655:18)
          at Request.emit (node:events:531:35)
          at ClientRequest.<anonymous> (C:\Users\asus\AutoPromte\
AutoPromote\frontend\node_modules\jsdom\lib\jsdom\living\helpers\
http-request.js:121:14)
          at ClientRequest.emit (node:events:519:28)
          at emitErrorEvent (node:_http_client:105:11)
          at Socket.socketErrorListener (node:_http_client:518:5)
          at Socket.emit (node:events:519:28)
          at emitErrorNT (node:internal/streams/destroy:170:8)
          at emitErrorCloseNT 
(node:internal/streams/destroy:129:3)
          at processTicksAndRejections 
(node:internal/process/task_queues:90:21) undefined

      at VirtualConsole.<anonymous> 
(node_modules/jsdom/lib/jsdom/virtual-console.js:29:45)
      at Object.dispatchError 
(node_modules/jsdom/lib/jsdom/living/xhr/xhr-utils.js:66:53)
      at Request.<anonymous> (node_modules/jsdom/lib/jsdom/living
/xhr/XMLHttpRequest-impl.js:655:18)
      at ClientRequest.<anonymous> (node_modules/jsdom/lib/jsdom/
living/helpers/http-request.js:121:14)

    console.error
      Error: AggregateError
          at Object.dispatchError (C:\Users\asus\AutoPromte\AutoP
romote\frontend\node_modules\jsdom\lib\jsdom\living\xhr\xhr-utils
.js:63:19)
          at Request.<anonymous> (C:\Users\asus\AutoPromte\AutoPr
omote\frontend\node_modules\jsdom\lib\jsdom\living\xhr\XMLHttpReq
uest-impl.js:655:18)
          at Request.emit (node:events:531:35)
          at ClientRequest.<anonymous> (C:\Users\asus\AutoPromte\
AutoPromote\frontend\node_modules\jsdom\lib\jsdom\living\helpers\
http-request.js:121:14)
          at ClientRequest.emit (node:events:519:28)
          at emitErrorEvent (node:_http_client:105:11)
          at Socket.socketErrorListener (node:_http_client:518:5)
          at Socket.emit (node:events:519:28)
          at emitErrorNT (node:internal/streams/destroy:170:8)
          at emitErrorCloseNT 
(node:internal/streams/destroy:129:3)
          at processTicksAndRejections 
(node:internal/process/task_queues:90:21) undefined

      at VirtualConsole.<anonymous> 
(node_modules/jsdom/lib/jsdom/virtual-console.js:29:45)
      at Object.dispatchError 
(node_modules/jsdom/lib/jsdom/living/xhr/xhr-utils.js:66:53)
      at Request.<anonymous> (node_modules/jsdom/lib/jsdom/living
/xhr/XMLHttpRequest-impl.js:655:18)
      at ClientRequest.<anonymous> (node_modules/jsdom/lib/jsdom/
living/helpers/http-request.js:121:14)

    console.log
      [E2E] handlePlatformPreview called for platform: tiktok

      at handlePlatformPreview (src/ContentUploadForm.js:845:13)

    console.log
      [E2E] handlePlatformPreview contentData {
        title: 'video.mp4',
        type: 'video',
        description: '',
        url: 'preview://video.mp4',
        file: { name: 'video.mp4' },
        idempotency_key: undefined,
        target_platforms: [ 'tiktok' ],
        platforms: [ 'tiktok' ],
        isDryRun: true,
        meta: {
          trimStart: 0,
          trimEnd: 0,
          rotate: undefined,
          flipH: undefined,
          flipV: undefined,
          duration: undefined,
          crop: undefined,
          template: undefined
        },
        platform_options: {
          tiktok: {
            privacy: undefined,
            interactions: [Object],
            commercial: undefined,
            consent: false
          }
        }
      }

      at handlePlatformPreview (src/ContentUploadForm.js:850:15)

    console.warn
      Failed to load TikTok creator_info TypeError: Network 
request failed
          at C:\Users\asus\AutoPromte\AutoPromote\frontend\node_m
odules\whatwg-fetch\dist\fetch.umd.js:567:18
          at Timeout.task [as _onTimeout] (C:\Users\asus\AutoProm
te\AutoPromote\frontend\node_modules\jsdom\lib\jsdom\browser\Wind
ow.js:516:19)
          at listOnTimeout (node:internal/timers:588:17)
          at processTimers (node:internal/timers:523:7)

    [0m [90m 471 |[39m         }
     [90m 472 |[39m       } [36mcatch[39m (err) {
    [31m[1m>[22m[39m[90m 473 |[39m         
console[33m.[39mwarn([32m"Failed to load TikTok 
creator_info"[39m[33m,[39m err)[33m;[39m
     [90m     |[39m                 [31m[1m^[22m[39m
     [90m 474 |[39m         [90m// Network or server error: 
do NOT default privacy to PUBLIC.[39m
     [90m 475 |[39m         [90m// Require the user to 
explicitly choose privacy to comply with TikTok UX rules.[39m
     [90m 476 |[39m         
setTiktokPrivacy([32m""[39m)[33m;[39m[0m

      at load (src/ContentUploadForm.js:473:17)

    console.warn
      Failed to load TikTok creator_info TypeError: Network 
request failed
          at C:\Users\asus\AutoPromte\AutoPromote\frontend\node_m
odules\whatwg-fetch\dist\fetch.umd.js:567:18
          at Timeout.task [as _onTimeout] (C:\Users\asus\AutoProm
te\AutoPromote\frontend\node_modules\jsdom\lib\jsdom\browser\Wind
ow.js:516:19)
          at listOnTimeout (node:internal/timers:588:17)
          at processTimers (node:internal/timers:523:7)

    [0m [90m 471 |[39m         }
     [90m 472 |[39m       } [36mcatch[39m (err) {
    [31m[1m>[22m[39m[90m 473 |[39m         
console[33m.[39mwarn([32m"Failed to load TikTok 
creator_info"[39m[33m,[39m err)[33m;[39m
     [90m     |[39m                 [31m[1m^[22m[39m
     [90m 474 |[39m         [90m// Network or server error: 
do NOT default privacy to PUBLIC.[39m
     [90m 475 |[39m         [90m// Require the user to 
explicitly choose privacy to comply with TikTok UX rules.[39m
     [90m 476 |[39m         
setTiktokPrivacy([32m""[39m)[33m;[39m[0m

      at load (src/ContentUploadForm.js:473:17)

    console.error
      Error: AggregateError
          at Object.dispatchError (C:\Users\asus\AutoPromte\AutoP
romote\frontend\node_modules\jsdom\lib\jsdom\living\xhr\xhr-utils
.js:63:19)
          at Request.<anonymous> (C:\Users\asus\AutoPromte\AutoPr
omote\frontend\node_modules\jsdom\lib\jsdom\living\xhr\XMLHttpReq
uest-impl.js:655:18)
          at Request.emit (node:events:531:35)
          at ClientRequest.<anonymous> (C:\Users\asus\AutoPromte\
AutoPromote\frontend\node_modules\jsdom\lib\jsdom\living\helpers\
http-request.js:121:14)
          at ClientRequest.emit (node:events:519:28)
          at emitErrorEvent (node:_http_client:105:11)
          at Socket.socketErrorListener (node:_http_client:518:5)
          at Socket.emit (node:events:519:28)
          at emitErrorNT (node:internal/streams/destroy:170:8)
          at emitErrorCloseNT 
(node:internal/streams/destroy:129:3)
          at processTicksAndRejections 
(node:internal/process/task_queues:90:21) undefined

      at VirtualConsole.<anonymous> 
(node_modules/jsdom/lib/jsdom/virtual-console.js:29:45)
      at Object.dispatchError 
(node_modules/jsdom/lib/jsdom/living/xhr/xhr-utils.js:66:53)
      at Request.<anonymous> (node_modules/jsdom/lib/jsdom/living
/xhr/XMLHttpRequest-impl.js:655:18)
      at ClientRequest.<anonymous> (node_modules/jsdom/lib/jsdom/
living/helpers/http-request.js:121:14)

    console.log
      [E2E] handlePlatformPreview called for platform: tiktok

      at handlePlatformPreview (src/ContentUploadForm.js:845:13)

    console.log
      [E2E] handlePlatformPreview contentData {
        title: 'video.mp4',
        type: 'video',
        description: '',
        url: 'preview://video.mp4',
        file: { name: 'video.mp4' },
        idempotency_key: undefined,
        target_platforms: [ 'tiktok' ],
        platforms: [ 'tiktok' ],
        isDryRun: true,
        meta: {
          trimStart: 0,
          trimEnd: 0,
          rotate: undefined,
          flipH: undefined,
          flipV: undefined,
          duration: undefined,
          crop: undefined,
          template: undefined
        },
        platform_options: {
          tiktok: {
            privacy: 'EVERYONE',
            interactions: [Object],
            commercial: undefined,
            consent: false
          }
        }
      }

      at handlePlatformPreview (src/ContentUploadForm.js:850:15)

    console.warn
      Failed to load TikTok creator_info TypeError: Network 
request failed
          at C:\Users\asus\AutoPromte\AutoPromote\frontend\node_m
odules\whatwg-fetch\dist\fetch.umd.js:567:18
          at Timeout.task [as _onTimeout] (C:\Users\asus\AutoProm
te\AutoPromote\frontend\node_modules\jsdom\lib\jsdom\browser\Wind
ow.js:516:19)
          at listOnTimeout (node:internal/timers:588:17)
          at processTimers (node:internal/timers:523:7)

    [0m [90m 471 |[39m         }
     [90m 472 |[39m       } [36mcatch[39m (err) {
    [31m[1m>[22m[39m[90m 473 |[39m         
console[33m.[39mwarn([32m"Failed to load TikTok 
creator_info"[39m[33m,[39m err)[33m;[39m
     [90m     |[39m                 [31m[1m^[22m[39m
     [90m 474 |[39m         [90m// Network or server error: 
do NOT default privacy to PUBLIC.[39m
     [90m 475 |[39m         [90m// Require the user to 
explicitly choose privacy to comply with TikTok UX rules.[39m
     [90m 476 |[39m         
setTiktokPrivacy([32m""[39m)[33m;[39m[0m

      at load (src/ContentUploadForm.js:473:17)

PASS src/components/__tests__/SpotifyTrackSearch.test.js
PASS src/__tests__/UploadPanel.test.js
PASS src/__tests__/ContentUploadForm.payload.test.js
  ● Console

    console.log
      [E2E] handlePlatformPreview called for platform: youtube

      at handlePlatformPreview (src/ContentUploadForm.js:845:13)

    console.log
      [E2E] handlePlatformPreview contentData {
        title: 'Test Title',
        type: 'video',
        description: '',
        url: 'preview://test.mp4',
        file: { name: 'test.mp4' },
        idempotency_key: undefined,
        target_platforms: [ 'discord', 'youtube' ],
        platforms: [ 'discord', 'youtube' ],
        isDryRun: true,
        meta: {
          trimStart: 0,
          trimEnd: 0,
          rotate: undefined,
          flipH: undefined,
          flipV: undefined,
          duration: undefined,
          crop: undefined,
          template: undefined,
          overlay: { text: 'Hello Overlay', position: 'top' }
        },
        platform_options: {
          discord: { channelId: '12345' },
          youtube: { visibility: 'public', shortsMode: false }
        }
      }

      at handlePlatformPreview (src/ContentUploadForm.js:850:15)

    console.log
      [Upload] onUpload response: {}

      at handlePlatformUpload (src/ContentUploadForm.js:1134:15)

    console.log
      [TEST] payload: {
        title: 'test.mp4',
        type: 'video',
        description: '',
        url: undefined,
        file: { name: 'test.mp4' },
        idempotency_key: undefined,
        target_platforms: [ 'youtube' ],
        platforms: [ 'youtube' ],
        isDryRun: false,
        meta: {
          trimStart: 0,
          trimEnd: 0,
          rotate: undefined,
          flipH: undefined,
          flipV: undefined,
          duration: undefined,
          crop: undefined,
          template: undefined,
          overlay: { text: 'Submit Overlay', position: 'bottom' }
        },
        platform_options: { youtube: { visibility: 'public', 
shortsMode: false } }
      }

      at Object.<anonymous> 
(src/__tests__/ContentUploadForm.payload.test.js:92:13)

    console.log
      [TEST] payload.meta: {
        trimStart: 0,
        trimEnd: 0,
        rotate: undefined,
        flipH: undefined,
        flipV: undefined,
        duration: undefined,
        crop: undefined,
        template: undefined,
        overlay: { text: 'Submit Overlay', position: 'bottom' }
      }

      at Object.<anonymous> 
(src/__tests__/ContentUploadForm.payload.test.js:96:13)

PASS src/__tests__/ContentUploadForm.controlled.test.js
PASS src/components/__tests__/MiniPlayer.test.js
  ● Console

    console.error
      Warning: An update to MiniPlayer inside a test was not 
wrapped in act(...).
      
      When testing, code that causes React state updates should 
be wrapped into act(...):
      
      act(() => {
        /* fire events that update state */
      });
      /* assert on the output */
      
      This ensures that you're testing the behavior the user 
would see in the browser. Learn more at 
https://reactjs.org/link/wrap-tests-with-act
          at MiniPlayer (C:\Users\asus\AutoPromte\AutoPromote\fro
ntend\src\components\MiniPlayer.js:18:23)

    [0m [90m 31 |[39m     [36mconst[39m a [33m=[39m 
[36mnew[39m 
[33mAudio[39m(track[33m.[39mpreview_url)[33m;[39m
     [90m 32 |[39m     audioRef[33m.[39mcurrent [33m=[39m 
a[33m;[39m
    [31m[1m>[22m[39m[90m 33 |[39m     [36mconst[39m 
onLoaded [33m=[39m () [33m=>[39m setDuration(audioRef[33m.[
39mcurrent[33m?[39m[33m.[39mduration [33m||[39m 
[35m30[39m)[33m;[39m
     [90m    |[39m                            
[31m[1m^[22m[39m
     [90m 34 |[39m     [36mconst[39m onTime [33m=[39m () 
[33m=>[39m setTime(audioRef[33m.[39mcurrent[33m?[39m[33m.
[39mcurrentTime [33m||[39m [35m0[39m)[33m;[39m
     [90m 35 |[39m     a[33m.[39maddEventListener([32m"loade
dmetadata"[39m[33m,[39m onLoaded)[33m;[39m
     [90m 36 |[39m     
a[33m.[39maddEventListener([32m"timeupdate"[39m[33m,[39m 
onTime)[33m;[39m[0m

      at printWarning 
(node_modules/react-dom/cjs/react-dom.development.js:86:30)
      at error 
(node_modules/react-dom/cjs/react-dom.development.js:60:7)
      at warnIfUpdatesNotWrappedWithActDEV 
(node_modules/react-dom/cjs/react-dom.development.js:27628:9)
      at scheduleUpdateOnFiber 
(node_modules/react-dom/cjs/react-dom.development.js:25547:5)
      at setDuration 
(node_modules/react-dom/cjs/react-dom.development.js:16708:7)
      at Object.onLoaded [as loadedmetadata] 
(src/components/MiniPlayer.js:33:28)
      at Object.<anonymous> 
(src/components/__tests__/MiniPlayer.test.js:40:87)

PASS src/__tests__/Footer.test.js
PASS src/__tests__/ConnectionsPanel.test.js
PASS src/components/__tests__/MiniPlayer.a11y.test.js
PASS src/__tests__/scheduleCard.test.js
PASS src/UserDashboardTabs/__tests__/GeneratePublishModal.test.js
PASS src/utils/__tests__/isAllowedAuthUrl.test.js
PASS src/utils/__tests__/frontendLogger.test.js

Test Suites: 2 failed, 1 skipped, 13 passed, 15 of 16 total
Tests:       2 failed, 1 skipped, 44 passed, 47 total
Snapshots:   0 total
Time:        25.637 s
Ran all test suites.
